Archive member included to satisfy reference by file (symbol)

c:/program files (x86)/atollic/truestudio for stm32 9.0.0/armtools/bin/../lib/gcc/arm-atollic-eabi/6.3.1/../../../../arm-atollic-eabi/lib/armv6-m\libc_nano.a(lib_a-init.o)
                              startup\startup_stm32f091xc.o (__libc_init_array)
c:/program files (x86)/atollic/truestudio for stm32 9.0.0/armtools/bin/../lib/gcc/arm-atollic-eabi/6.3.1/armv6-m\libgcc.a(_udivsi3.o)
                              Drivers\STM32F0xx_HAL_Driver\Src\stm32f0xx_ll_rcc.o (__aeabi_uidiv)
c:/program files (x86)/atollic/truestudio for stm32 9.0.0/armtools/bin/../lib/gcc/arm-atollic-eabi/6.3.1/armv6-m\libgcc.a(_dvmd_tls.o)
                              c:/program files (x86)/atollic/truestudio for stm32 9.0.0/armtools/bin/../lib/gcc/arm-atollic-eabi/6.3.1/armv6-m\libgcc.a(_udivsi3.o) (__aeabi_idiv0)

Discarded input sections

 .text          0x00000000        0x0 c:/program files (x86)/atollic/truestudio for stm32 9.0.0/armtools/bin/../lib/gcc/arm-atollic-eabi/6.3.1/armv6-m/crti.o
 .data          0x00000000        0x0 c:/program files (x86)/atollic/truestudio for stm32 9.0.0/armtools/bin/../lib/gcc/arm-atollic-eabi/6.3.1/armv6-m/crti.o
 .bss           0x00000000        0x0 c:/program files (x86)/atollic/truestudio for stm32 9.0.0/armtools/bin/../lib/gcc/arm-atollic-eabi/6.3.1/armv6-m/crti.o
 .data          0x00000000        0x4 c:/program files (x86)/atollic/truestudio for stm32 9.0.0/armtools/bin/../lib/gcc/arm-atollic-eabi/6.3.1/armv6-m/crtbegin.o
 .text          0x00000000        0x0 Drivers\STM32F0xx_HAL_Driver\Src\stm32f0xx_ll_dma.o
 .data          0x00000000        0x0 Drivers\STM32F0xx_HAL_Driver\Src\stm32f0xx_ll_dma.o
 .bss           0x00000000        0x0 Drivers\STM32F0xx_HAL_Driver\Src\stm32f0xx_ll_dma.o
 .text.LL_DMA_DeInit
                0x00000000      0x114 Drivers\STM32F0xx_HAL_Driver\Src\stm32f0xx_ll_dma.o
 .text.LL_DMA_Init
                0x00000000       0x6c Drivers\STM32F0xx_HAL_Driver\Src\stm32f0xx_ll_dma.o
 .text.LL_DMA_StructInit
                0x00000000       0x1a Drivers\STM32F0xx_HAL_Driver\Src\stm32f0xx_ll_dma.o
 .rodata.CHANNEL_OFFSET_TAB
                0x00000000        0x7 Drivers\STM32F0xx_HAL_Driver\Src\stm32f0xx_ll_dma.o
 .debug_info    0x00000000      0x6c3 Drivers\STM32F0xx_HAL_Driver\Src\stm32f0xx_ll_dma.o
 .debug_abbrev  0x00000000      0x240 Drivers\STM32F0xx_HAL_Driver\Src\stm32f0xx_ll_dma.o
 .debug_loc     0x00000000      0x2c9 Drivers\STM32F0xx_HAL_Driver\Src\stm32f0xx_ll_dma.o
 .debug_aranges
                0x00000000       0x30 Drivers\STM32F0xx_HAL_Driver\Src\stm32f0xx_ll_dma.o
 .debug_ranges  0x00000000      0x110 Drivers\STM32F0xx_HAL_Driver\Src\stm32f0xx_ll_dma.o
 .debug_line    0x00000000      0x3cf Drivers\STM32F0xx_HAL_Driver\Src\stm32f0xx_ll_dma.o
 .debug_str     0x00000000      0x4ac Drivers\STM32F0xx_HAL_Driver\Src\stm32f0xx_ll_dma.o
 .comment       0x00000000       0x7d Drivers\STM32F0xx_HAL_Driver\Src\stm32f0xx_ll_dma.o
 .debug_frame   0x00000000       0x5c Drivers\STM32F0xx_HAL_Driver\Src\stm32f0xx_ll_dma.o
 .ARM.attributes
                0x00000000       0x31 Drivers\STM32F0xx_HAL_Driver\Src\stm32f0xx_ll_dma.o
 .text          0x00000000        0x0 Drivers\STM32F0xx_HAL_Driver\Src\stm32f0xx_ll_exti.o
 .data          0x00000000        0x0 Drivers\STM32F0xx_HAL_Driver\Src\stm32f0xx_ll_exti.o
 .bss           0x00000000        0x0 Drivers\STM32F0xx_HAL_Driver\Src\stm32f0xx_ll_exti.o
 .text.LL_EXTI_DeInit
                0x00000000       0x24 Drivers\STM32F0xx_HAL_Driver\Src\stm32f0xx_ll_exti.o
 .text.LL_EXTI_StructInit
                0x00000000        0xe Drivers\STM32F0xx_HAL_Driver\Src\stm32f0xx_ll_exti.o
 .text          0x00000000        0x0 Drivers\STM32F0xx_HAL_Driver\Src\stm32f0xx_ll_gpio.o
 .data          0x00000000        0x0 Drivers\STM32F0xx_HAL_Driver\Src\stm32f0xx_ll_gpio.o
 .bss           0x00000000        0x0 Drivers\STM32F0xx_HAL_Driver\Src\stm32f0xx_ll_gpio.o
 .text.LL_GPIO_DeInit
                0x00000000       0xcc Drivers\STM32F0xx_HAL_Driver\Src\stm32f0xx_ll_gpio.o
 .text.LL_GPIO_StructInit
                0x00000000       0x18 Drivers\STM32F0xx_HAL_Driver\Src\stm32f0xx_ll_gpio.o
 .text          0x00000000        0x0 Drivers\STM32F0xx_HAL_Driver\Src\stm32f0xx_ll_pwr.o
 .data          0x00000000        0x0 Drivers\STM32F0xx_HAL_Driver\Src\stm32f0xx_ll_pwr.o
 .bss           0x00000000        0x0 Drivers\STM32F0xx_HAL_Driver\Src\stm32f0xx_ll_pwr.o
 .text.LL_PWR_DeInit
                0x00000000       0x20 Drivers\STM32F0xx_HAL_Driver\Src\stm32f0xx_ll_pwr.o
 .debug_info    0x00000000      0x263 Drivers\STM32F0xx_HAL_Driver\Src\stm32f0xx_ll_pwr.o
 .debug_abbrev  0x00000000      0x12a Drivers\STM32F0xx_HAL_Driver\Src\stm32f0xx_ll_pwr.o
 .debug_loc     0x00000000       0x2c Drivers\STM32F0xx_HAL_Driver\Src\stm32f0xx_ll_pwr.o
 .debug_aranges
                0x00000000       0x20 Drivers\STM32F0xx_HAL_Driver\Src\stm32f0xx_ll_pwr.o
 .debug_ranges  0x00000000       0x40 Drivers\STM32F0xx_HAL_Driver\Src\stm32f0xx_ll_pwr.o
 .debug_line    0x00000000      0x210 Drivers\STM32F0xx_HAL_Driver\Src\stm32f0xx_ll_pwr.o
 .debug_str     0x00000000      0x2aa Drivers\STM32F0xx_HAL_Driver\Src\stm32f0xx_ll_pwr.o
 .comment       0x00000000       0x7d Drivers\STM32F0xx_HAL_Driver\Src\stm32f0xx_ll_pwr.o
 .debug_frame   0x00000000       0x20 Drivers\STM32F0xx_HAL_Driver\Src\stm32f0xx_ll_pwr.o
 .ARM.attributes
                0x00000000       0x31 Drivers\STM32F0xx_HAL_Driver\Src\stm32f0xx_ll_pwr.o
 .text          0x00000000        0x0 Drivers\STM32F0xx_HAL_Driver\Src\stm32f0xx_ll_rcc.o
 .data          0x00000000        0x0 Drivers\STM32F0xx_HAL_Driver\Src\stm32f0xx_ll_rcc.o
 .bss           0x00000000        0x0 Drivers\STM32F0xx_HAL_Driver\Src\stm32f0xx_ll_rcc.o
 .text.LL_RCC_DeInit
                0x00000000       0x74 Drivers\STM32F0xx_HAL_Driver\Src\stm32f0xx_ll_rcc.o
 .text.LL_RCC_GetCECClockFreq
                0x00000000       0x2c Drivers\STM32F0xx_HAL_Driver\Src\stm32f0xx_ll_rcc.o
 .text.LL_RCC_GetI2CClockFreq
                0x00000000       0x2c Drivers\STM32F0xx_HAL_Driver\Src\stm32f0xx_ll_rcc.o
 .text          0x00000000        0x0 Drivers\STM32F0xx_HAL_Driver\Src\stm32f0xx_ll_usart.o
 .data          0x00000000        0x0 Drivers\STM32F0xx_HAL_Driver\Src\stm32f0xx_ll_usart.o
 .bss           0x00000000        0x0 Drivers\STM32F0xx_HAL_Driver\Src\stm32f0xx_ll_usart.o
 .text.LL_USART_DeInit
                0x00000000       0xf0 Drivers\STM32F0xx_HAL_Driver\Src\stm32f0xx_ll_usart.o
 .text.LL_USART_StructInit
                0x00000000       0x18 Drivers\STM32F0xx_HAL_Driver\Src\stm32f0xx_ll_usart.o
 .text.LL_USART_ClockInit
                0x00000000       0x44 Drivers\STM32F0xx_HAL_Driver\Src\stm32f0xx_ll_usart.o
 .text.LL_USART_ClockStructInit
                0x00000000        0xc Drivers\STM32F0xx_HAL_Driver\Src\stm32f0xx_ll_usart.o
 .text          0x00000000        0x0 Drivers\STM32F0xx_HAL_Driver\Src\stm32f0xx_ll_utils.o
 .data          0x00000000        0x0 Drivers\STM32F0xx_HAL_Driver\Src\stm32f0xx_ll_utils.o
 .bss           0x00000000        0x0 Drivers\STM32F0xx_HAL_Driver\Src\stm32f0xx_ll_utils.o
 .text.LL_RCC_PLL_ConfigDomain_SYS
                0x00000000       0x24 Drivers\STM32F0xx_HAL_Driver\Src\stm32f0xx_ll_utils.o
 .text.UTILS_SetFlashLatency
                0x00000000       0x34 Drivers\STM32F0xx_HAL_Driver\Src\stm32f0xx_ll_utils.o
 .text.UTILS_EnablePLLAndSwitchSystem
                0x00000000       0xa0 Drivers\STM32F0xx_HAL_Driver\Src\stm32f0xx_ll_utils.o
 .text.UTILS_PLL_IsBusy
                0x00000000       0x10 Drivers\STM32F0xx_HAL_Driver\Src\stm32f0xx_ll_utils.o
 .text.LL_PLL_ConfigSystemClock_HSI
                0x00000000       0x60 Drivers\STM32F0xx_HAL_Driver\Src\stm32f0xx_ll_utils.o
 .text.LL_PLL_ConfigSystemClock_HSI48
                0x00000000       0x68 Drivers\STM32F0xx_HAL_Driver\Src\stm32f0xx_ll_utils.o
 .text.LL_PLL_ConfigSystemClock_HSE
                0x00000000       0x84 Drivers\STM32F0xx_HAL_Driver\Src\stm32f0xx_ll_utils.o
 .text          0x00000000        0x0 Src\main.o
 .data          0x00000000        0x0 Src\main.o
 .bss           0x00000000        0x0 Src\main.o
 .text._Error_Handler
                0x00000000        0x2 Src\main.o
 .text          0x00000000        0x0 Src\stm32f0xx_it.o
 .data          0x00000000        0x0 Src\stm32f0xx_it.o
 .bss           0x00000000        0x0 Src\stm32f0xx_it.o
 .text          0x00000000        0x0 Src\system_stm32f0xx.o
 .data          0x00000000        0x0 Src\system_stm32f0xx.o
 .bss           0x00000000        0x0 Src\system_stm32f0xx.o
 .text.SystemCoreClockUpdate
                0x00000000       0x74 Src\system_stm32f0xx.o
 .text          0x00000000       0x14 startup\startup_stm32f091xc.o
 .data          0x00000000        0x0 startup\startup_stm32f091xc.o
 .bss           0x00000000        0x0 startup\startup_stm32f091xc.o
 .text          0x00000000        0x0 c:/program files (x86)/atollic/truestudio for stm32 9.0.0/armtools/bin/../lib/gcc/arm-atollic-eabi/6.3.1/../../../../arm-atollic-eabi/lib/armv6-m\libc_nano.a(lib_a-init.o)
 .data          0x00000000        0x0 c:/program files (x86)/atollic/truestudio for stm32 9.0.0/armtools/bin/../lib/gcc/arm-atollic-eabi/6.3.1/../../../../arm-atollic-eabi/lib/armv6-m\libc_nano.a(lib_a-init.o)
 .bss           0x00000000        0x0 c:/program files (x86)/atollic/truestudio for stm32 9.0.0/armtools/bin/../lib/gcc/arm-atollic-eabi/6.3.1/../../../../arm-atollic-eabi/lib/armv6-m\libc_nano.a(lib_a-init.o)
 .data          0x00000000        0x0 c:/program files (x86)/atollic/truestudio for stm32 9.0.0/armtools/bin/../lib/gcc/arm-atollic-eabi/6.3.1/armv6-m\libgcc.a(_udivsi3.o)
 .bss           0x00000000        0x0 c:/program files (x86)/atollic/truestudio for stm32 9.0.0/armtools/bin/../lib/gcc/arm-atollic-eabi/6.3.1/armv6-m\libgcc.a(_udivsi3.o)
 .data          0x00000000        0x0 c:/program files (x86)/atollic/truestudio for stm32 9.0.0/armtools/bin/../lib/gcc/arm-atollic-eabi/6.3.1/armv6-m\libgcc.a(_dvmd_tls.o)
 .bss           0x00000000        0x0 c:/program files (x86)/atollic/truestudio for stm32 9.0.0/armtools/bin/../lib/gcc/arm-atollic-eabi/6.3.1/armv6-m\libgcc.a(_dvmd_tls.o)
 .text          0x00000000        0x0 c:/program files (x86)/atollic/truestudio for stm32 9.0.0/armtools/bin/../lib/gcc/arm-atollic-eabi/6.3.1/armv6-m/crtend.o
 .data          0x00000000        0x0 c:/program files (x86)/atollic/truestudio for stm32 9.0.0/armtools/bin/../lib/gcc/arm-atollic-eabi/6.3.1/armv6-m/crtend.o
 .bss           0x00000000        0x0 c:/program files (x86)/atollic/truestudio for stm32 9.0.0/armtools/bin/../lib/gcc/arm-atollic-eabi/6.3.1/armv6-m/crtend.o
 .eh_frame      0x00000000        0x4 c:/program files (x86)/atollic/truestudio for stm32 9.0.0/armtools/bin/../lib/gcc/arm-atollic-eabi/6.3.1/armv6-m/crtend.o
 .ARM.attributes
                0x00000000       0x2c c:/program files (x86)/atollic/truestudio for stm32 9.0.0/armtools/bin/../lib/gcc/arm-atollic-eabi/6.3.1/armv6-m/crtend.o
 .text          0x00000000        0x0 c:/program files (x86)/atollic/truestudio for stm32 9.0.0/armtools/bin/../lib/gcc/arm-atollic-eabi/6.3.1/armv6-m/crtn.o
 .data          0x00000000        0x0 c:/program files (x86)/atollic/truestudio for stm32 9.0.0/armtools/bin/../lib/gcc/arm-atollic-eabi/6.3.1/armv6-m/crtn.o
 .bss           0x00000000        0x0 c:/program files (x86)/atollic/truestudio for stm32 9.0.0/armtools/bin/../lib/gcc/arm-atollic-eabi/6.3.1/armv6-m/crtn.o

Memory Configuration

Name             Origin             Length             Attributes
RAM              0x20000000         0x00008000         xrw
FLASH            0x08000000         0x00040000         xr
*default*        0x00000000         0xffffffff

Linker script and memory map

LOAD c:/program files (x86)/atollic/truestudio for stm32 9.0.0/armtools/bin/../lib/gcc/arm-atollic-eabi/6.3.1/armv6-m/crti.o
LOAD c:/program files (x86)/atollic/truestudio for stm32 9.0.0/armtools/bin/../lib/gcc/arm-atollic-eabi/6.3.1/armv6-m/crtbegin.o
LOAD Drivers\STM32F0xx_HAL_Driver\Src\stm32f0xx_ll_dma.o
LOAD Drivers\STM32F0xx_HAL_Driver\Src\stm32f0xx_ll_exti.o
LOAD Drivers\STM32F0xx_HAL_Driver\Src\stm32f0xx_ll_gpio.o
LOAD Drivers\STM32F0xx_HAL_Driver\Src\stm32f0xx_ll_pwr.o
LOAD Drivers\STM32F0xx_HAL_Driver\Src\stm32f0xx_ll_rcc.o
LOAD Drivers\STM32F0xx_HAL_Driver\Src\stm32f0xx_ll_usart.o
LOAD Drivers\STM32F0xx_HAL_Driver\Src\stm32f0xx_ll_utils.o
LOAD Src\main.o
LOAD Src\stm32f0xx_it.o
LOAD Src\system_stm32f0xx.o
LOAD startup\startup_stm32f091xc.o
                0x00000080                malloc_getpagesize_P = 0x80
START GROUP
LOAD c:/program files (x86)/atollic/truestudio for stm32 9.0.0/armtools/bin/../lib/gcc/arm-atollic-eabi/6.3.1/../../../../arm-atollic-eabi/lib/armv6-m\libc_nano.a
LOAD c:/program files (x86)/atollic/truestudio for stm32 9.0.0/armtools/bin/../lib/gcc/arm-atollic-eabi/6.3.1/../../../../arm-atollic-eabi/lib/armv6-m\libm.a
END GROUP
START GROUP
LOAD c:/program files (x86)/atollic/truestudio for stm32 9.0.0/armtools/bin/../lib/gcc/arm-atollic-eabi/6.3.1/armv6-m\libgcc.a
LOAD c:/program files (x86)/atollic/truestudio for stm32 9.0.0/armtools/bin/../lib/gcc/arm-atollic-eabi/6.3.1/../../../../arm-atollic-eabi/lib/armv6-m\libc_nano.a
END GROUP
START GROUP
LOAD c:/program files (x86)/atollic/truestudio for stm32 9.0.0/armtools/bin/../lib/gcc/arm-atollic-eabi/6.3.1/armv6-m\libgcc.a
LOAD c:/program files (x86)/atollic/truestudio for stm32 9.0.0/armtools/bin/../lib/gcc/arm-atollic-eabi/6.3.1/../../../../arm-atollic-eabi/lib/armv6-m\libc_nano.a
LOAD c:/program files (x86)/atollic/truestudio for stm32 9.0.0/armtools/bin/../lib/gcc/arm-atollic-eabi/6.3.1/../../../../arm-atollic-eabi/lib/armv6-m\libnosys.a
END GROUP
START GROUP
LOAD c:/program files (x86)/atollic/truestudio for stm32 9.0.0/armtools/bin/../lib/gcc/arm-atollic-eabi/6.3.1/armv6-m\libgcc.a
LOAD c:/program files (x86)/atollic/truestudio for stm32 9.0.0/armtools/bin/../lib/gcc/arm-atollic-eabi/6.3.1/../../../../arm-atollic-eabi/lib/armv6-m\libc_nano.a
LOAD c:/program files (x86)/atollic/truestudio for stm32 9.0.0/armtools/bin/../lib/gcc/arm-atollic-eabi/6.3.1/../../../../arm-atollic-eabi/lib/armv6-m\libnosys.a
END GROUP
LOAD c:/program files (x86)/atollic/truestudio for stm32 9.0.0/armtools/bin/../lib/gcc/arm-atollic-eabi/6.3.1/armv6-m/crtend.o
LOAD c:/program files (x86)/atollic/truestudio for stm32 9.0.0/armtools/bin/../lib/gcc/arm-atollic-eabi/6.3.1/armv6-m/crtn.o
                0x20008000                _estack = 0x20008000
                0x00000200                _Min_Heap_Size = 0x200
                0x00000400                _Min_Stack_Size = 0x400

.isr_vector     0x08000000       0xbc
                0x08000000                . = ALIGN (0x4)
 *(.isr_vector)
 .isr_vector    0x08000000       0xbc startup\startup_stm32f091xc.o
                0x08000000                g_pfnVectors
                0x080000bc                . = ALIGN (0x4)

.text           0x080000bc      0x944
                0x080000bc                . = ALIGN (0x4)
 *(.text)
 .text          0x080000bc       0x48 c:/program files (x86)/atollic/truestudio for stm32 9.0.0/armtools/bin/../lib/gcc/arm-atollic-eabi/6.3.1/armv6-m/crtbegin.o
 .text          0x08000104      0x114 c:/program files (x86)/atollic/truestudio for stm32 9.0.0/armtools/bin/../lib/gcc/arm-atollic-eabi/6.3.1/armv6-m\libgcc.a(_udivsi3.o)
                0x08000104                __aeabi_uidiv
                0x08000104                __udivsi3
                0x08000210                __aeabi_uidivmod
 .text          0x08000218        0x4 c:/program files (x86)/atollic/truestudio for stm32 9.0.0/armtools/bin/../lib/gcc/arm-atollic-eabi/6.3.1/armv6-m\libgcc.a(_dvmd_tls.o)
                0x08000218                __aeabi_idiv0
                0x08000218                __aeabi_ldiv0
 *(.text*)
 .text.LL_EXTI_Init
                0x0800021c       0xa0 Drivers\STM32F0xx_HAL_Driver\Src\stm32f0xx_ll_exti.o
                0x0800021c                LL_EXTI_Init
 .text.LL_GPIO_Init
                0x080002bc       0xb8 Drivers\STM32F0xx_HAL_Driver\Src\stm32f0xx_ll_gpio.o
                0x080002bc                LL_GPIO_Init
 .text.RCC_GetHCLKClockFreq
                0x08000374       0x18 Drivers\STM32F0xx_HAL_Driver\Src\stm32f0xx_ll_rcc.o
                0x08000374                RCC_GetHCLKClockFreq
 .text.RCC_GetPCLK1ClockFreq
                0x0800038c       0x18 Drivers\STM32F0xx_HAL_Driver\Src\stm32f0xx_ll_rcc.o
                0x0800038c                RCC_GetPCLK1ClockFreq
 .text.RCC_PLL_GetFreqDomain_SYS
                0x080003a4       0x3c Drivers\STM32F0xx_HAL_Driver\Src\stm32f0xx_ll_rcc.o
                0x080003a4                RCC_PLL_GetFreqDomain_SYS
 .text.RCC_GetSystemClockFreq
                0x080003e0       0x2c Drivers\STM32F0xx_HAL_Driver\Src\stm32f0xx_ll_rcc.o
                0x080003e0                RCC_GetSystemClockFreq
 .text.LL_RCC_GetSystemClocksFreq
                0x0800040c       0x18 Drivers\STM32F0xx_HAL_Driver\Src\stm32f0xx_ll_rcc.o
                0x0800040c                LL_RCC_GetSystemClocksFreq
 .text.LL_RCC_GetUSARTClockFreq
                0x08000424       0xe4 Drivers\STM32F0xx_HAL_Driver\Src\stm32f0xx_ll_rcc.o
                0x08000424                LL_RCC_GetUSARTClockFreq
 .text.LL_USART_Init
                0x08000508       0xf4 Drivers\STM32F0xx_HAL_Driver\Src\stm32f0xx_ll_usart.o
                0x08000508                LL_USART_Init
 .text.LL_Init1msTick
                0x080005fc       0x20 Drivers\STM32F0xx_HAL_Driver\Src\stm32f0xx_ll_utils.o
                0x080005fc                LL_Init1msTick
 .text.LL_mDelay
                0x0800061c       0x2c Drivers\STM32F0xx_HAL_Driver\Src\stm32f0xx_ll_utils.o
                0x0800061c                LL_mDelay
 .text.LL_SetSystemCoreClock
                0x08000648        0xc Drivers\STM32F0xx_HAL_Driver\Src\stm32f0xx_ll_utils.o
                0x08000648                LL_SetSystemCoreClock
 .text.LL_AHB1_GRP1_EnableClock
                0x08000654       0x1c Src\main.o
 .text.UART2_TX_string
                0x08000670       0x20 Src\main.o
                0x08000670                UART2_TX_string
 .text.SystemClock_Config
                0x08000690       0xd8 Src\main.o
                0x08000690                SystemClock_Config
 .text.startup.main
                0x08000768      0x180 Src\main.o
                0x08000768                main
 .text.SysTick_Handler
                0x080008e8        0x2 Src\stm32f0xx_it.o
                0x080008e8                SysTick_Handler
 *fill*         0x080008ea        0x2 
 .text.SystemInit
                0x080008ec       0x60 Src\system_stm32f0xx.o
                0x080008ec                SystemInit
 .text.Reset_Handler
                0x0800094c       0x50 startup\startup_stm32f091xc.o
                0x0800094c                Reset_Handler
 .text.Default_Handler
                0x0800099c        0x2 startup\startup_stm32f091xc.o
                0x0800099c                TIM1_CC_IRQHandler
                0x0800099c                TSC_IRQHandler
                0x0800099c                HardFault_Handler
                0x0800099c                ADC1_COMP_IRQHandler
                0x0800099c                PendSV_Handler
                0x0800099c                NMI_Handler
                0x0800099c                I2C1_IRQHandler
                0x0800099c                RCC_CRS_IRQHandler
                0x0800099c                SPI1_IRQHandler
                0x0800099c                TIM6_DAC_IRQHandler
                0x0800099c                DMA1_Ch1_IRQHandler
                0x0800099c                EXTI2_3_IRQHandler
                0x0800099c                I2C2_IRQHandler
                0x0800099c                TIM17_IRQHandler
                0x0800099c                CEC_CAN_IRQHandler
                0x0800099c                RTC_IRQHandler
                0x0800099c                PVD_VDDIO2_IRQHandler
                0x0800099c                TIM16_IRQHandler
                0x0800099c                TIM3_IRQHandler
                0x0800099c                EXTI4_15_IRQHandler
                0x0800099c                USART3_8_IRQHandler
                0x0800099c                Default_Handler
                0x0800099c                TIM14_IRQHandler
                0x0800099c                TIM7_IRQHandler
                0x0800099c                TIM15_IRQHandler
                0x0800099c                EXTI0_1_IRQHandler
                0x0800099c                SPI2_IRQHandler
                0x0800099c                DMA1_Ch2_3_DMA2_Ch1_2_IRQHandler
                0x0800099c                SVC_Handler
                0x0800099c                DMA1_Ch4_7_DMA2_Ch3_5_IRQHandler
                0x0800099c                WWDG_IRQHandler
                0x0800099c                TIM2_IRQHandler
                0x0800099c                USART2_IRQHandler
                0x0800099c                FLASH_IRQHandler
                0x0800099c                USART1_IRQHandler
                0x0800099c                TIM1_BRK_UP_TRG_COM_IRQHandler
 *fill*         0x0800099e        0x2 
 .text.__libc_init_array
                0x080009a0       0x48 c:/program files (x86)/atollic/truestudio for stm32 9.0.0/armtools/bin/../lib/gcc/arm-atollic-eabi/6.3.1/../../../../arm-atollic-eabi/lib/armv6-m\libc_nano.a(lib_a-init.o)
                0x080009a0                __libc_init_array
 *(.glue_7)
 .glue_7        0x080009e8        0x0 linker stubs
 *(.glue_7t)
 .glue_7t       0x080009e8        0x0 linker stubs
 *(.eh_frame)
 .eh_frame      0x080009e8        0x0 c:/program files (x86)/atollic/truestudio for stm32 9.0.0/armtools/bin/../lib/gcc/arm-atollic-eabi/6.3.1/armv6-m/crtbegin.o
 *(.init)
 .init          0x080009e8        0x4 c:/program files (x86)/atollic/truestudio for stm32 9.0.0/armtools/bin/../lib/gcc/arm-atollic-eabi/6.3.1/armv6-m/crti.o
                0x080009e8                _init
 .init          0x080009ec        0x8 c:/program files (x86)/atollic/truestudio for stm32 9.0.0/armtools/bin/../lib/gcc/arm-atollic-eabi/6.3.1/armv6-m/crtn.o
 *(.fini)
 .fini          0x080009f4        0x4 c:/program files (x86)/atollic/truestudio for stm32 9.0.0/armtools/bin/../lib/gcc/arm-atollic-eabi/6.3.1/armv6-m/crti.o
                0x080009f4                _fini
 .fini          0x080009f8        0x8 c:/program files (x86)/atollic/truestudio for stm32 9.0.0/armtools/bin/../lib/gcc/arm-atollic-eabi/6.3.1/armv6-m/crtn.o
                0x08000a00                . = ALIGN (0x4)
                0x08000a00                _etext = .

.vfp11_veneer   0x08000a00        0x0
 .vfp11_veneer  0x08000a00        0x0 linker stubs

.v4_bx          0x08000a00        0x0
 .v4_bx         0x08000a00        0x0 linker stubs

.iplt           0x08000a00        0x0
 .iplt          0x08000a00        0x0 c:/program files (x86)/atollic/truestudio for stm32 9.0.0/armtools/bin/../lib/gcc/arm-atollic-eabi/6.3.1/armv6-m/crtbegin.o

.rodata         0x08000a00       0x28
                0x08000a00                . = ALIGN (0x4)
 *(.rodata)
 *(.rodata*)
 .rodata.main.str1.1
                0x08000a00       0x10 Src\main.o
 .rodata.AHBPrescTable
                0x08000a10       0x10 Src\system_stm32f0xx.o
                0x08000a10                AHBPrescTable
 .rodata.APBPrescTable
                0x08000a20        0x8 Src\system_stm32f0xx.o
                0x08000a20                APBPrescTable
                0x08000a28                . = ALIGN (0x4)

.rel.dyn        0x08000a28        0x0
 .rel.iplt      0x08000a28        0x0 c:/program files (x86)/atollic/truestudio for stm32 9.0.0/armtools/bin/../lib/gcc/arm-atollic-eabi/6.3.1/armv6-m/crtbegin.o

.ARM.extab
 *(.ARM.extab* .gnu.linkonce.armextab.*)

.ARM            0x08000a28        0x0
                0x08000a28                __exidx_start = .
 *(.ARM.exidx*)
                0x08000a28                __exidx_end = .

.preinit_array  0x08000a28        0x0
                0x08000a28                PROVIDE (__preinit_array_start, .)
 *(.preinit_array*)
                0x08000a28                PROVIDE (__preinit_array_end, .)

.init_array     0x08000a28        0x4
                0x08000a28                PROVIDE (__init_array_start, .)
 *(SORT(.init_array.*))
 *(.init_array*)
 .init_array    0x08000a28        0x4 c:/program files (x86)/atollic/truestudio for stm32 9.0.0/armtools/bin/../lib/gcc/arm-atollic-eabi/6.3.1/armv6-m/crtbegin.o
                0x08000a2c                PROVIDE (__init_array_end, .)

.fini_array     0x08000a2c        0x4
                [!provide]                PROVIDE (__fini_array_start, .)
 *(SORT(.fini_array.*))
 *(.fini_array*)
 .fini_array    0x08000a2c        0x4 c:/program files (x86)/atollic/truestudio for stm32 9.0.0/armtools/bin/../lib/gcc/arm-atollic-eabi/6.3.1/armv6-m/crtbegin.o
                [!provide]                PROVIDE (__fini_array_end, .)
                0x08000a30                _sidata = LOADADDR (.data)

.data           0x20000000        0x4 load address 0x08000a30
                0x20000000                . = ALIGN (0x4)
                0x20000000                _sdata = .
 *(.data)
 *(.data*)
 .data.SystemCoreClock
                0x20000000        0x4 Src\system_stm32f0xx.o
                0x20000000                SystemCoreClock
                0x20000004                . = ALIGN (0x4)
                0x20000004                _edata = .

.igot.plt       0x20000004        0x0 load address 0x08000a34
 .igot.plt      0x20000004        0x0 c:/program files (x86)/atollic/truestudio for stm32 9.0.0/armtools/bin/../lib/gcc/arm-atollic-eabi/6.3.1/armv6-m/crtbegin.o
                0x20000004                . = ALIGN (0x4)

.bss            0x20000004       0x1c load address 0x08000a34
                0x20000004                _sbss = .
                0x20000004                __bss_start__ = _sbss
 *(.bss)
 .bss           0x20000004       0x1c c:/program files (x86)/atollic/truestudio for stm32 9.0.0/armtools/bin/../lib/gcc/arm-atollic-eabi/6.3.1/armv6-m/crtbegin.o
 *(.bss*)
 *(COMMON)
                0x20000020                . = ALIGN (0x4)
                0x20000020                _ebss = .
                0x20000020                __bss_end__ = _ebss

._user_heap_stack
                0x20000020      0x600 load address 0x08000a34
                0x20000020                . = ALIGN (0x4)
                [!provide]                PROVIDE (end, .)
                [!provide]                PROVIDE (_end, .)
                0x20000220                . = (. + _Min_Heap_Size)
 *fill*         0x20000020      0x200 
                0x20000620                . = (. + _Min_Stack_Size)
 *fill*         0x20000220      0x400 
                0x20000620                . = ALIGN (0x4)

/DISCARD/
 libc.a(*)
 libm.a(*)
 libgcc.a(*)

.ARM.attributes
                0x00000000       0x28
 *(.ARM.attributes)
 .ARM.attributes
                0x00000000       0x1e c:/program files (x86)/atollic/truestudio for stm32 9.0.0/armtools/bin/../lib/gcc/arm-atollic-eabi/6.3.1/armv6-m/crti.o
 .ARM.attributes
                0x0000001e       0x2c c:/program files (x86)/atollic/truestudio for stm32 9.0.0/armtools/bin/../lib/gcc/arm-atollic-eabi/6.3.1/armv6-m/crtbegin.o
 .ARM.attributes
                0x0000004a       0x31 Drivers\STM32F0xx_HAL_Driver\Src\stm32f0xx_ll_exti.o
 .ARM.attributes
                0x0000007b       0x31 Drivers\STM32F0xx_HAL_Driver\Src\stm32f0xx_ll_gpio.o
 .ARM.attributes
                0x000000ac       0x31 Drivers\STM32F0xx_HAL_Driver\Src\stm32f0xx_ll_rcc.o
 .ARM.attributes
                0x000000dd       0x31 Drivers\STM32F0xx_HAL_Driver\Src\stm32f0xx_ll_usart.o
 .ARM.attributes
                0x0000010e       0x31 Drivers\STM32F0xx_HAL_Driver\Src\stm32f0xx_ll_utils.o
 .ARM.attributes
                0x0000013f       0x31 Src\main.o
 .ARM.attributes
                0x00000170       0x31 Src\stm32f0xx_it.o
 .ARM.attributes
                0x000001a1       0x31 Src\system_stm32f0xx.o
 .ARM.attributes
                0x000001d2       0x21 startup\startup_stm32f091xc.o
 .ARM.attributes
                0x000001f3       0x2c c:/program files (x86)/atollic/truestudio for stm32 9.0.0/armtools/bin/../lib/gcc/arm-atollic-eabi/6.3.1/../../../../arm-atollic-eabi/lib/armv6-m\libc_nano.a(lib_a-init.o)
 .ARM.attributes
                0x0000021f       0x1e c:/program files (x86)/atollic/truestudio for stm32 9.0.0/armtools/bin/../lib/gcc/arm-atollic-eabi/6.3.1/armv6-m\libgcc.a(_udivsi3.o)
 .ARM.attributes
                0x0000023d       0x1e c:/program files (x86)/atollic/truestudio for stm32 9.0.0/armtools/bin/../lib/gcc/arm-atollic-eabi/6.3.1/armv6-m\libgcc.a(_dvmd_tls.o)
 .ARM.attributes
                0x0000025b       0x1e c:/program files (x86)/atollic/truestudio for stm32 9.0.0/armtools/bin/../lib/gcc/arm-atollic-eabi/6.3.1/armv6-m/crtn.o
OUTPUT(UART_TX.elf elf32-littlearm)

.debug_info     0x00000000     0x3db5
 .debug_info    0x00000000      0x479 Drivers\STM32F0xx_HAL_Driver\Src\stm32f0xx_ll_exti.o
 .debug_info    0x00000479      0x76e Drivers\STM32F0xx_HAL_Driver\Src\stm32f0xx_ll_gpio.o
 .debug_info    0x00000be7      0x768 Drivers\STM32F0xx_HAL_Driver\Src\stm32f0xx_ll_rcc.o
 .debug_info    0x0000134f      0x8e1 Drivers\STM32F0xx_HAL_Driver\Src\stm32f0xx_ll_usart.o
 .debug_info    0x00001c30      0xac1 Drivers\STM32F0xx_HAL_Driver\Src\stm32f0xx_ll_utils.o
 .debug_info    0x000026f1     0x12ce Src\main.o
 .debug_info    0x000039bf      0x128 Src\stm32f0xx_it.o
 .debug_info    0x00003ae7      0x24e Src\system_stm32f0xx.o
 .debug_info    0x00003d35       0x80 startup\startup_stm32f091xc.o

.debug_abbrev   0x00000000     0x10e4
 .debug_abbrev  0x00000000      0x1c8 Drivers\STM32F0xx_HAL_Driver\Src\stm32f0xx_ll_exti.o
 .debug_abbrev  0x000001c8      0x1d5 Drivers\STM32F0xx_HAL_Driver\Src\stm32f0xx_ll_gpio.o
 .debug_abbrev  0x0000039d      0x26a Drivers\STM32F0xx_HAL_Driver\Src\stm32f0xx_ll_rcc.o
 .debug_abbrev  0x00000607      0x29a Drivers\STM32F0xx_HAL_Driver\Src\stm32f0xx_ll_usart.o
 .debug_abbrev  0x000008a1      0x328 Drivers\STM32F0xx_HAL_Driver\Src\stm32f0xx_ll_utils.o
 .debug_abbrev  0x00000bc9      0x384 Src\main.o
 .debug_abbrev  0x00000f4d       0x88 Src\stm32f0xx_it.o
 .debug_abbrev  0x00000fd5       0xfd Src\system_stm32f0xx.o
 .debug_abbrev  0x000010d2       0x12 startup\startup_stm32f091xc.o

.debug_loc      0x00000000     0x170e
 .debug_loc     0x00000000      0x17d Drivers\STM32F0xx_HAL_Driver\Src\stm32f0xx_ll_exti.o
 .debug_loc     0x0000017d      0x362 Drivers\STM32F0xx_HAL_Driver\Src\stm32f0xx_ll_gpio.o
 .debug_loc     0x000004df      0x36e Drivers\STM32F0xx_HAL_Driver\Src\stm32f0xx_ll_rcc.o
 .debug_loc     0x0000084d      0x4a4 Drivers\STM32F0xx_HAL_Driver\Src\stm32f0xx_ll_usart.o
 .debug_loc     0x00000cf1      0x5db Drivers\STM32F0xx_HAL_Driver\Src\stm32f0xx_ll_utils.o
 .debug_loc     0x000012cc      0x35b Src\main.o
 .debug_loc     0x00001627       0xe7 Src\system_stm32f0xx.o

.debug_aranges  0x00000000      0x218
 .debug_aranges
                0x00000000       0x30 Drivers\STM32F0xx_HAL_Driver\Src\stm32f0xx_ll_exti.o
 .debug_aranges
                0x00000030       0x30 Drivers\STM32F0xx_HAL_Driver\Src\stm32f0xx_ll_gpio.o
 .debug_aranges
                0x00000060       0x60 Drivers\STM32F0xx_HAL_Driver\Src\stm32f0xx_ll_rcc.o
 .debug_aranges
                0x000000c0       0x40 Drivers\STM32F0xx_HAL_Driver\Src\stm32f0xx_ll_usart.o
 .debug_aranges
                0x00000100       0x68 Drivers\STM32F0xx_HAL_Driver\Src\stm32f0xx_ll_utils.o
 .debug_aranges
                0x00000168       0x40 Src\main.o
 .debug_aranges
                0x000001a8       0x20 Src\stm32f0xx_it.o
 .debug_aranges
                0x000001c8       0x28 Src\system_stm32f0xx.o
 .debug_aranges
                0x000001f0       0x28 startup\startup_stm32f091xc.o

.debug_ranges   0x00000000      0x758
 .debug_ranges  0x00000000       0x50 Drivers\STM32F0xx_HAL_Driver\Src\stm32f0xx_ll_exti.o
 .debug_ranges  0x00000050       0x68 Drivers\STM32F0xx_HAL_Driver\Src\stm32f0xx_ll_gpio.o
 .debug_ranges  0x000000b8      0x170 Drivers\STM32F0xx_HAL_Driver\Src\stm32f0xx_ll_rcc.o
 .debug_ranges  0x00000228       0xb0 Drivers\STM32F0xx_HAL_Driver\Src\stm32f0xx_ll_usart.o
 .debug_ranges  0x000002d8      0x1f8 Drivers\STM32F0xx_HAL_Driver\Src\stm32f0xx_ll_utils.o
 .debug_ranges  0x000004d0      0x240 Src\main.o
 .debug_ranges  0x00000710       0x10 Src\stm32f0xx_it.o
 .debug_ranges  0x00000720       0x18 Src\system_stm32f0xx.o
 .debug_ranges  0x00000738       0x20 startup\startup_stm32f091xc.o

.debug_line     0x00000000     0x1ab6
 .debug_line    0x00000000      0x27e Drivers\STM32F0xx_HAL_Driver\Src\stm32f0xx_ll_exti.o
 .debug_line    0x0000027e      0x2f0 Drivers\STM32F0xx_HAL_Driver\Src\stm32f0xx_ll_gpio.o
 .debug_line    0x0000056e      0x42f Drivers\STM32F0xx_HAL_Driver\Src\stm32f0xx_ll_rcc.o
 .debug_line    0x0000099d      0x37d Drivers\STM32F0xx_HAL_Driver\Src\stm32f0xx_ll_usart.o
 .debug_line    0x00000d1a      0x4dc Drivers\STM32F0xx_HAL_Driver\Src\stm32f0xx_ll_utils.o
 .debug_line    0x000011f6      0x4c4 Src\main.o
 .debug_line    0x000016ba      0x1a8 Src\stm32f0xx_it.o
 .debug_line    0x00001862      0x1d1 Src\system_stm32f0xx.o
 .debug_line    0x00001a33       0x83 startup\startup_stm32f091xc.o

.debug_str      0x00000000     0x13c3
 .debug_str     0x00000000      0x354 Drivers\STM32F0xx_HAL_Driver\Src\stm32f0xx_ll_exti.o
                                0x3ae (size before relaxing)
 .debug_str     0x00000354      0x1f2 Drivers\STM32F0xx_HAL_Driver\Src\stm32f0xx_ll_gpio.o
                                0x3ec (size before relaxing)
 .debug_str     0x00000546      0x388 Drivers\STM32F0xx_HAL_Driver\Src\stm32f0xx_ll_rcc.o
                                0x5bd (size before relaxing)
 .debug_str     0x000008ce      0x2a6 Drivers\STM32F0xx_HAL_Driver\Src\stm32f0xx_ll_usart.o
                                0x57d (size before relaxing)
 .debug_str     0x00000b74      0x36f Drivers\STM32F0xx_HAL_Driver\Src\stm32f0xx_ll_utils.o
                                0x64c (size before relaxing)
 .debug_str     0x00000ee3      0x46a Src\main.o
                                0xa4b (size before relaxing)
 .debug_str     0x0000134d       0x26 Src\stm32f0xx_it.o
                                0x1f7 (size before relaxing)
 .debug_str     0x00001373       0x50 Src\system_stm32f0xx.o
                                0x26b (size before relaxing)

.comment        0x00000000       0x7c
 .comment       0x00000000       0x7c Drivers\STM32F0xx_HAL_Driver\Src\stm32f0xx_ll_exti.o
                                 0x7d (size before relaxing)
 .comment       0x0000007c       0x7d Drivers\STM32F0xx_HAL_Driver\Src\stm32f0xx_ll_gpio.o
 .comment       0x0000007c       0x7d Drivers\STM32F0xx_HAL_Driver\Src\stm32f0xx_ll_rcc.o
 .comment       0x0000007c       0x7d Drivers\STM32F0xx_HAL_Driver\Src\stm32f0xx_ll_usart.o
 .comment       0x0000007c       0x7d Drivers\STM32F0xx_HAL_Driver\Src\stm32f0xx_ll_utils.o
 .comment       0x0000007c       0x7d Src\main.o
 .comment       0x0000007c       0x7d Src\stm32f0xx_it.o
 .comment       0x0000007c       0x7d Src\system_stm32f0xx.o

.debug_frame    0x00000000      0x430
 .debug_frame   0x00000000       0x48 Drivers\STM32F0xx_HAL_Driver\Src\stm32f0xx_ll_exti.o
 .debug_frame   0x00000048       0x50 Drivers\STM32F0xx_HAL_Driver\Src\stm32f0xx_ll_gpio.o
 .debug_frame   0x00000098       0xd8 Drivers\STM32F0xx_HAL_Driver\Src\stm32f0xx_ll_rcc.o
 .debug_frame   0x00000170       0x78 Drivers\STM32F0xx_HAL_Driver\Src\stm32f0xx_ll_usart.o
 .debug_frame   0x000001e8      0x11c Drivers\STM32F0xx_HAL_Driver\Src\stm32f0xx_ll_utils.o
 .debug_frame   0x00000304       0x84 Src\main.o
 .debug_frame   0x00000388       0x20 Src\stm32f0xx_it.o
 .debug_frame   0x000003a8       0x3c Src\system_stm32f0xx.o
 .debug_frame   0x000003e4       0x2c c:/program files (x86)/atollic/truestudio for stm32 9.0.0/armtools/bin/../lib/gcc/arm-atollic-eabi/6.3.1/../../../../arm-atollic-eabi/lib/armv6-m\libc_nano.a(lib_a-init.o)
 .debug_frame   0x00000410       0x20 c:/program files (x86)/atollic/truestudio for stm32 9.0.0/armtools/bin/../lib/gcc/arm-atollic-eabi/6.3.1/armv6-m\libgcc.a(_udivsi3.o)
